Archive member included because of file (symbol)

/opt/cross/avr/lib/gcc/avr/4.8.3/avr25/libgcc.a(_exit.o)
                              /opt/cross/avr/lib/gcc/avr/4.8.3/../../../../avr/lib/avr25/crttn85.o (exit)

Memory Configuration

Name             Origin             Length             Attributes
text             0x0000000000000000 0x0000000000002000 xr
data             0x0000000000800060 0x000000000000ffa0 rw !x
eeprom           0x0000000000810000 0x0000000000010000 rw !x
fuse             0x0000000000820000 0x0000000000000400 rw !x
lock             0x0000000000830000 0x0000000000000400 rw !x
signature        0x0000000000840000 0x0000000000000400 rw !x
*default*        0x0000000000000000 0xffffffffffffffff

Linker script and memory map

LOAD /opt/cross/avr/lib/gcc/avr/4.8.3/../../../../avr/lib/avr25/crttn85.o
LOAD tipjar.o
LOAD /opt/cross/avr/lib/gcc/avr/4.8.3/../../../../avr/lib/avr25/libm.a
START GROUP
LOAD /opt/cross/avr/lib/gcc/avr/4.8.3/avr25/libgcc.a
LOAD /opt/cross/avr/lib/gcc/avr/4.8.3/../../../../avr/lib/avr25/libm.a
LOAD /opt/cross/avr/lib/gcc/avr/4.8.3/../../../../avr/lib/avr25/libc.a
END GROUP

.hash
 *(.hash)

.dynsym
 *(.dynsym)

.dynstr
 *(.dynstr)

.gnu.version
 *(.gnu.version)

.gnu.version_d
 *(.gnu.version_d)

.gnu.version_r
 *(.gnu.version_r)

.rel.init
 *(.rel.init)

.rela.init
 *(.rela.init)

.rel.text
 *(.rel.text)
 *(.rel.text.*)
 *(.rel.gnu.linkonce.t*)

.rela.text
 *(.rela.text)
 *(.rela.text.*)
 *(.rela.gnu.linkonce.t*)

.rel.fini
 *(.rel.fini)

.rela.fini
 *(.rela.fini)

.rel.rodata
 *(.rel.rodata)
 *(.rel.rodata.*)
 *(.rel.gnu.linkonce.r*)

.rela.rodata
 *(.rela.rodata)
 *(.rela.rodata.*)
 *(.rela.gnu.linkonce.r*)

.rel.data
 *(.rel.data)
 *(.rel.data.*)
 *(.rel.gnu.linkonce.d*)

.rela.data
 *(.rela.data)
 *(.rela.data.*)
 *(.rela.gnu.linkonce.d*)

.rel.ctors
 *(.rel.ctors)

.rela.ctors
 *(.rela.ctors)

.rel.dtors
 *(.rel.dtors)

.rela.dtors
 *(.rela.dtors)

.rel.got
 *(.rel.got)

.rela.got
 *(.rela.got)

.rel.bss
 *(.rel.bss)

.rela.bss
 *(.rela.bss)

.rel.plt
 *(.rel.plt)

.rela.plt
 *(.rela.plt)

.text           0x0000000000000000       0xec
 *(.vectors)
 .vectors       0x0000000000000000       0x1e /opt/cross/avr/lib/gcc/avr/4.8.3/../../../../avr/lib/avr25/crttn85.o
                0x0000000000000000                __vectors
                0x0000000000000000                __vector_default
 *(.vectors)
 *(.progmem.gcc*)
 *(.progmem*)
                0x000000000000001e                . = ALIGN (0x2)
                0x000000000000001e                __trampolines_start = .
 *(.trampolines)
 .trampolines   0x000000000000001e        0x0 linker stubs
 *(.trampolines*)
                0x000000000000001e                __trampolines_end = .
 *(.jumptables)
 *(.jumptables*)
 *(.lowtext)
 *(.lowtext*)
                0x000000000000001e                __ctors_start = .
 *(.ctors)
                0x000000000000001e                __ctors_end = .
                0x000000000000001e                __dtors_start = .
 *(.dtors)
                0x000000000000001e                __dtors_end = .
 SORT(*)(.ctors)
 SORT(*)(.dtors)
 *(.init0)
 .init0         0x000000000000001e        0x0 /opt/cross/avr/lib/gcc/avr/4.8.3/../../../../avr/lib/avr25/crttn85.o
                0x000000000000001e                __init
 *(.init0)
 *(.init1)
 *(.init1)
 *(.init2)
 .init2         0x000000000000001e        0xc /opt/cross/avr/lib/gcc/avr/4.8.3/../../../../avr/lib/avr25/crttn85.o
 *(.init2)
 *(.init3)
 *(.init3)
 *(.init4)
 *(.init4)
 *(.init5)
 *(.init5)
 *(.init6)
 *(.init6)
 *(.init7)
 *(.init7)
 *(.init8)
 *(.init8)
 *(.init9)
 .init9         0x000000000000002a        0x4 /opt/cross/avr/lib/gcc/avr/4.8.3/../../../../avr/lib/avr25/crttn85.o
 *(.init9)
 *(.text)
 .text          0x000000000000002e        0x2 /opt/cross/avr/lib/gcc/avr/4.8.3/../../../../avr/lib/avr25/crttn85.o
                0x000000000000002e                __vector_1
                0x000000000000002e                __vector_12
                0x000000000000002e                __bad_interrupt
                0x000000000000002e                __vector_6
                0x000000000000002e                __vector_3
                0x000000000000002e                __vector_11
                0x000000000000002e                __vector_13
                0x000000000000002e                __vector_7
                0x000000000000002e                __vector_5
                0x000000000000002e                __vector_4
                0x000000000000002e                __vector_9
                0x000000000000002e                __vector_2
                0x000000000000002e                __vector_8
                0x000000000000002e                __vector_14
                0x000000000000002e                __vector_10
 .text          0x0000000000000030       0x12 tipjar.o
                0x0000000000000030                init
 .text          0x0000000000000042        0x0 /opt/cross/avr/lib/gcc/avr/4.8.3/avr25/libgcc.a(_exit.o)
                0x0000000000000042                . = ALIGN (0x2)
 *(.text.*)
 .text.startup  0x0000000000000042       0xa6 tipjar.o
                0x0000000000000042                main
 .text.libgcc.mul
                0x00000000000000e8        0x0 /opt/cross/avr/lib/gcc/avr/4.8.3/avr25/libgcc.a(_exit.o)
 .text.libgcc.div
                0x00000000000000e8        0x0 /opt/cross/avr/lib/gcc/avr/4.8.3/avr25/libgcc.a(_exit.o)
 .text.libgcc   0x00000000000000e8        0x0 /opt/cross/avr/lib/gcc/avr/4.8.3/avr25/libgcc.a(_exit.o)
 .text.libgcc.prologue
                0x00000000000000e8        0x0 /opt/cross/avr/lib/gcc/avr/4.8.3/avr25/libgcc.a(_exit.o)
 .text.libgcc.builtins
                0x00000000000000e8        0x0 /opt/cross/avr/lib/gcc/avr/4.8.3/avr25/libgcc.a(_exit.o)
 .text.libgcc.fmul
                0x00000000000000e8        0x0 /opt/cross/avr/lib/gcc/avr/4.8.3/avr25/libgcc.a(_exit.o)
 .text.libgcc.fixed
                0x00000000000000e8        0x0 /opt/cross/avr/lib/gcc/avr/4.8.3/avr25/libgcc.a(_exit.o)
                0x00000000000000e8                . = ALIGN (0x2)
 *(.fini9)
 .fini9         0x00000000000000e8        0x0 /opt/cross/avr/lib/gcc/avr/4.8.3/avr25/libgcc.a(_exit.o)
                0x00000000000000e8                exit
                0x00000000000000e8                _exit
 *(.fini9)
 *(.fini8)
 *(.fini8)
 *(.fini7)
 *(.fini7)
 *(.fini6)
 *(.fini6)
 *(.fini5)
 *(.fini5)
 *(.fini4)
 *(.fini4)
 *(.fini3)
 *(.fini3)
 *(.fini2)
 *(.fini2)
 *(.fini1)
 *(.fini1)
 *(.fini0)
 .fini0         0x00000000000000e8        0x4 /opt/cross/avr/lib/gcc/avr/4.8.3/avr25/libgcc.a(_exit.o)
 *(.fini0)
                0x00000000000000ec                _etext = .

.data           0x0000000000800060        0x0 load address 0x00000000000000ec
                0x0000000000800060                PROVIDE (__data_start, .)
 *(.data)
 .data          0x0000000000800060        0x0 /opt/cross/avr/lib/gcc/avr/4.8.3/../../../../avr/lib/avr25/crttn85.o
 .data          0x0000000000800060        0x0 tipjar.o
 .data          0x0000000000800060        0x0 /opt/cross/avr/lib/gcc/avr/4.8.3/avr25/libgcc.a(_exit.o)
 *(.data*)
 *(.rodata)
 *(.rodata*)
 *(.gnu.linkonce.d*)
                0x0000000000800060                . = ALIGN (0x2)
                0x0000000000800060                _edata = .
                0x0000000000800060                PROVIDE (__data_end, .)

.bss            0x0000000000800060        0x0
                0x0000000000800060                PROVIDE (__bss_start, .)
 *(.bss)
 .bss           0x0000000000800060        0x0 /opt/cross/avr/lib/gcc/avr/4.8.3/../../../../avr/lib/avr25/crttn85.o
 .bss           0x0000000000800060        0x0 tipjar.o
 .bss           0x0000000000800060        0x0 /opt/cross/avr/lib/gcc/avr/4.8.3/avr25/libgcc.a(_exit.o)
 *(.bss*)
 *(COMMON)
                0x0000000000800060                PROVIDE (__bss_end, .)
                0x00000000000000ec                __data_load_start = LOADADDR (.data)
                0x00000000000000ec                __data_load_end = (__data_load_start + SIZEOF (.data))

.noinit         0x0000000000800060        0x0
                0x0000000000800060                PROVIDE (__noinit_start, .)
 *(.noinit*)
                0x0000000000800060                PROVIDE (__noinit_end, .)
                0x0000000000800060                _end = .
                0x0000000000800060                PROVIDE (__heap_start, .)

.eeprom         0x0000000000810000        0x0
 *(.eeprom*)
                0x0000000000810000                __eeprom_end = .

.fuse
 *(.fuse)
 *(.lfuse)
 *(.hfuse)
 *(.efuse)

.lock
 *(.lock*)

.signature
 *(.signature*)

.stab
 *(.stab)

.stabstr
 *(.stabstr)

.stab.excl
 *(.stab.excl)

.stab.exclstr
 *(.stab.exclstr)

.stab.index
 *(.stab.index)

.stab.indexstr
 *(.stab.indexstr)

.comment        0x0000000000000000       0x11
 *(.comment)
 .comment       0x0000000000000000       0x11 tipjar.o
                                         0x12 (size before relaxing)

.debug
 *(.debug)

.line
 *(.line)

.debug_srcinfo
 *(.debug_srcinfo)

.debug_sfnames
 *(.debug_sfnames)

.debug_aranges  0x0000000000000000       0x48
 *(.debug_aranges)
 .debug_aranges
                0x0000000000000000       0x28 tipjar.o
 .debug_aranges
                0x0000000000000028       0x20 /opt/cross/avr/lib/gcc/avr/4.8.3/avr25/libgcc.a(_exit.o)

.debug_pubnames
 *(.debug_pubnames)

.debug_info     0x0000000000000000      0x73b
 *(.debug_info)
 .debug_info    0x0000000000000000      0x420 /opt/cross/avr/lib/gcc/avr/4.8.3/../../../../avr/lib/avr25/crttn85.o
 .debug_info    0x0000000000000420      0x28c tipjar.o
 .debug_info    0x00000000000006ac       0x8f /opt/cross/avr/lib/gcc/avr/4.8.3/avr25/libgcc.a(_exit.o)
 *(.gnu.linkonce.wi.*)

.debug_abbrev   0x0000000000000000      0x509
 *(.debug_abbrev)
 .debug_abbrev  0x0000000000000000      0x3e8 /opt/cross/avr/lib/gcc/avr/4.8.3/../../../../avr/lib/avr25/crttn85.o
 .debug_abbrev  0x00000000000003e8      0x10d tipjar.o
 .debug_abbrev  0x00000000000004f5       0x14 /opt/cross/avr/lib/gcc/avr/4.8.3/avr25/libgcc.a(_exit.o)

.debug_line     0x0000000000000000      0x180
 *(.debug_line)
 .debug_line    0x0000000000000000       0x1d /opt/cross/avr/lib/gcc/avr/4.8.3/../../../../avr/lib/avr25/crttn85.o
 .debug_line    0x000000000000001d       0xfe tipjar.o
 .debug_line    0x000000000000011b       0x65 /opt/cross/avr/lib/gcc/avr/4.8.3/avr25/libgcc.a(_exit.o)

.debug_frame    0x0000000000000000       0x34
 *(.debug_frame)
 .debug_frame   0x0000000000000000       0x34 tipjar.o

.debug_str      0x0000000000000000      0x29b
 *(.debug_str)
 .debug_str     0x0000000000000000      0x169 /opt/cross/avr/lib/gcc/avr/4.8.3/../../../../avr/lib/avr25/crttn85.o
 .debug_str     0x0000000000000169      0x132 tipjar.o
                                        0x166 (size before relaxing)

.debug_loc      0x0000000000000000      0x21a
 *(.debug_loc)
 .debug_loc     0x0000000000000000      0x21a tipjar.o

.debug_macinfo
 *(.debug_macinfo)

.debug_pubtypes
 *(.debug_pubtypes)

.debug_ranges   0x0000000000000000       0x18
 *(.debug_ranges)
 .debug_ranges  0x0000000000000000       0x18 tipjar.o

.debug_macro
 *(.debug_macro)
OUTPUT(tipjar.elf elf32-avr)
LOAD linker stubs

Cross Reference Table

Symbol                                            File
__bad_interrupt                                   /opt/cross/avr/lib/gcc/avr/4.8.3/../../../../avr/lib/avr25/crttn85.o
__heap_end                                        /opt/cross/avr/lib/gcc/avr/4.8.3/../../../../avr/lib/avr25/crttn85.o
__init                                            /opt/cross/avr/lib/gcc/avr/4.8.3/../../../../avr/lib/avr25/crttn85.o
__stack                                           /opt/cross/avr/lib/gcc/avr/4.8.3/../../../../avr/lib/avr25/crttn85.o
__vector_1                                        /opt/cross/avr/lib/gcc/avr/4.8.3/../../../../avr/lib/avr25/crttn85.o
__vector_10                                       /opt/cross/avr/lib/gcc/avr/4.8.3/../../../../avr/lib/avr25/crttn85.o
__vector_11                                       /opt/cross/avr/lib/gcc/avr/4.8.3/../../../../avr/lib/avr25/crttn85.o
__vector_12                                       /opt/cross/avr/lib/gcc/avr/4.8.3/../../../../avr/lib/avr25/crttn85.o
__vector_13                                       /opt/cross/avr/lib/gcc/avr/4.8.3/../../../../avr/lib/avr25/crttn85.o
__vector_14                                       /opt/cross/avr/lib/gcc/avr/4.8.3/../../../../avr/lib/avr25/crttn85.o
__vector_2                                        /opt/cross/avr/lib/gcc/avr/4.8.3/../../../../avr/lib/avr25/crttn85.o
__vector_3                                        /opt/cross/avr/lib/gcc/avr/4.8.3/../../../../avr/lib/avr25/crttn85.o
__vector_4                                        /opt/cross/avr/lib/gcc/avr/4.8.3/../../../../avr/lib/avr25/crttn85.o
__vector_5                                        /opt/cross/avr/lib/gcc/avr/4.8.3/../../../../avr/lib/avr25/crttn85.o
__vector_6                                        /opt/cross/avr/lib/gcc/avr/4.8.3/../../../../avr/lib/avr25/crttn85.o
__vector_7                                        /opt/cross/avr/lib/gcc/avr/4.8.3/../../../../avr/lib/avr25/crttn85.o
__vector_8                                        /opt/cross/avr/lib/gcc/avr/4.8.3/../../../../avr/lib/avr25/crttn85.o
__vector_9                                        /opt/cross/avr/lib/gcc/avr/4.8.3/../../../../avr/lib/avr25/crttn85.o
__vector_default                                  /opt/cross/avr/lib/gcc/avr/4.8.3/../../../../avr/lib/avr25/crttn85.o
__vectors                                         /opt/cross/avr/lib/gcc/avr/4.8.3/../../../../avr/lib/avr25/crttn85.o
_exit                                             /opt/cross/avr/lib/gcc/avr/4.8.3/avr25/libgcc.a(_exit.o)
exit                                              /opt/cross/avr/lib/gcc/avr/4.8.3/avr25/libgcc.a(_exit.o)
                                                  /opt/cross/avr/lib/gcc/avr/4.8.3/../../../../avr/lib/avr25/crttn85.o
init                                              tipjar.o
main                                              tipjar.o
                                                  /opt/cross/avr/lib/gcc/avr/4.8.3/../../../../avr/lib/avr25/crttn85.o
